
> react-portfolio@0.1.0 test
> react-scripts test --watchAll=false

node.exe : [baseline-browser-mapping] The d
ata in this module is over two months old. 
 To ensure accurate Baseline data, please u
pdate: `npm i baseline-browser-mapping@late
st -D`
위치 줄:1 문자:1
+ & "C:\Program Files\nodejs/node.exe" "C:\
Program Files\nodejs/node_mo ...
+ ~~~~~~~~~~~~~~~~~~~~~~~~~~~~~~~~~~~~~~~~~
~~~~~~~~~~~~~~~~~~~~~~~~~~~~
    + CategoryInfo          : NotSpecified 
   : ([baseline-brows...ping@latest -D`:S  
  tring) [], RemoteException
    + FullyQualifiedErrorId : NativeComman 
   dError
 
FAIL src/App.test.tsx
  횞 renders welcome message (65 ms)

  ??renders welcome message

    TestingLibraryElementError: Found multi
ple elements with the text: /?덈뀞?섏꽭??/i

    Here are the matching elements:

    Ignored nodes: comments, script, style
    [36m<h1>[39m
      [0m?덈뀞?섏꽭??[0m
    [36m</h1>[39m

    Ignored nodes: comments, script, style
    [36m<p>[39m
      [0m?덈뀞?섏꽭?? ??湲곗닠???듯빐 ?꾩씠?붿뼱瑜??꾩떎濡?
留뚮뱶??寃껋쓣 利먭린??媛쒕컻?먯엯?덈떎. ?ъ슜?먯뿉寃?媛移??덈뒗 寃쏀
뿕???쒓났?섎뒗 源붾걫?섍퀬 ?⑥쑉?곸씤 肄붾뱶瑜??묒꽦?섍린 ?꾪빐 ??긽
 ?몃젰?⑸땲??[0m
    [36m</p>[39m

    (If this is intentional, then use the `
*AllBy*` variant of the query (like `queryA
llByText`, `getAllByText`, or `findAllByTex
t`)).

    Ignored nodes: comments, script, style
    [36m<body>[39m
      [36m<div>[39m
        [36m<div[39m
          [33mclass[39m=[32m"App"[39m
        [36m>[39m
          [36m<nav[39m
            [33mclass[39m=[32m"main-nav"
[39m
          [36m>[39m
            [36m<a[39m
              [33mhref[39m=[32m"#home"[
39m
            [36m>[39m
              [0m??[0m
            [36m</a>[39m
            [36m<a[39m
              [33mhref[39m=[32m"#about"
[39m
            [36m>[39m
              [0m?뚭컻[0m
            [36m</a>[39m
            [36m<a[39m
              [33mhref[39m=[32m"#skills"
[39m
            [36m>[39m
              [0m蹂댁쑀 湲곗닠[0m
            [36m</a>[39m
            [36m<a[39m
              [33mhref[39m=[32m"#project
s"[39m
            [36m>[39m
              [0m?꾨줈?앺듃[0m
            [36m</a>[39m
            [36m<a[39m
              [33mhref[39m=[32m"#contact
"[39m
            [36m>[39m
              [0m?곕씫泥?[0m
            [36m</a>[39m
          [36m</nav>[39m
          [36m<header[39m
            [33mclass[39m=[32m"App-heade
r"[39m
            [33mid[39m=[32m"home"[39m
          [36m>[39m
            [36m<div[39m
              [33mid[39m=[32m"tsparticle
s"[39m
            [36m>[39m
              [36m<canvas[39m
                [33mstyle[39m=[32m"width
: 100%; height: 100%;"[39m
              [36m/>[39m
            [36m</div>[39m
            [36m<div[39m
              [33mclass[39m=[32m"header-
content"[39m
            [36m>[39m
              [36m<h1>[39m
                [0m?덈뀞?섏꽭??[0m
              [36m</h1>[39m
              [36m<p>[39m
                [0m?닿납? ???湲곗닠???ъ젙怨??꾨줈
?앺듃瑜??댁? ?ы듃?대━???뱀궗?댄듃?낅땲??[0m
              [36m</p>[39m
              [36m<p>[39m
                [0mReact? TypeScript瑜??ъ슜
?섏뿬 ?쒖옉?섏뿀?듬땲??[0m
              [36m</p>[39m
              [36m<a[39m
                [33mclass[39m=[32m"App-l
ink"[39m
                [33mhref[39m=[32m"#proje
cts"[39m
              [36m>[39m
                [0m?꾨줈?앺듃 蹂대윭媛湲?[0m
              [36m</a>[39m
            [36m</div>[39m
          [36m</header>[39m
          [36m<main>[39m
            [36m<section[39m
              [33mclass[39m=[32m"about-s
ection"[39m
              [33mid[39m=[32m"about"[39
m
            [36m>[39m
              [36m<div[39m
                [33mclass[39m=[32m"secti
on-container"[39m
              [36m>[39m
                [36m<h2[39m
                  [33mclass[39m=[32m"sec
tion-title"[39m
                [36m>[39m
                  [0m媛쒕컻???뚭컻[0m
                [36m</h2>[39m
                [36m<div[39m
                  [33mclass[39m=[32m"abo
ut-content"[39m
                [36m>[39m
                  [36m<p>[39m
                    [0m?덈뀞?섏꽭?? ??湲곗닠???듯빐
 ?꾩씠?붿뼱瑜??꾩떎濡?留뚮뱶??寃껋쓣 利먭린??媛쒕컻?먯엯?덈떎. ?ъ슜?
먯뿉寃?媛移??덈뒗 寃쏀뿕???쒓났?섎뒗 源붾걫?섍퀬 ?⑥쑉?곸씤 肄붾뱶瑜?
?묒꽦?섍린 ?꾪빐 ??긽 ?몃젰?⑸땲??[0m
                  [36m</p>[39m
                  [36m<p>[39m
                    [0m?덈줈??湲곗닠??諛곗슦怨??숇즺?
ㅺ낵 吏?앹쓣 怨듭쑀?섎뒗 怨쇱젙?먯꽌 ??蹂대엺???먮굧?덈떎. ???ы듃
?대━?ㅻ뒗 ????숈뒿 怨쇱젙怨?寃곌낵臾쇱쓣 ?댁? 怨듦컙?낅땲??[0m
                  [36m</p>[39m
                [36m</div>[39m
              [36m</div>[39m
            [36m</section>[39m
            [36m<section[39m
              [33mclass[39m=[32m"skills-
section-main"[39m
              [33mid[39m=[32m"skills"[3
9m
            [36m>[39m
              [36m<div[39m
                [33mclass[39m=[32m"secti
on-container"[39m
              [36m>[39m
                [36m<h2[39m
                  [33mclass[39m=[32m"sec
tion-title"[39m
                [36m>[39m
                  [0m蹂댁쑀 湲곗닠[0m
                [36m</h2>[39m
                [36m<div[39m
                  [33mclass[39m=[32m"ski
lls-list"[39m
                [36m>[39m
                  [36m<span[39m
                    [33mclass[39m=[32m"t
ech-badge"[39m
                  [36m>[39m
                    [0mReact[0m
                  [36m</span>[39m
                  [36m<span[39m
                    [33mclass[39m=[32m"t
ech-badge"[39m
                  [36m>[39m
                    [0mTypeScript[0m
                  [36m</span>[39m
                  [36m<span[39m
                    [33mclass[39m=[32m"t
ech-badge"[39m
                  [36m>[39m
                    [0mSupabase[0m
                  [36m</span>[39m
                  [36m<span[39m
                    [33mclass[39m=[32m"t
ech-badge"[39m
                  [36m>[39m
                    [0mPostgreSQL[0m
                  [36m</span>[39m
                  [36m<span[39m
                    [33mclass[39m=[32m"t
ech-badge"[39m
                  [36m>[39m
                    [0mTailwind CSS[0m
                  [36m</span>[39m
                  [36m<span[39m
                    [33mclass[39m=[32m"t
ech-badge"[39m
                  [36m>[39m
                    [0mHTML[0m
                  [36m</span>[39m
                  [36m<span[39m
                    [33mclass[39m=[32m"t
ech-badge"[39m
                  [36m>[39m
                    [0mCSS[0m
                  [36m</span>[39m
                  [36m<span[39m
                    [33mclass[39m=[32m"t
ech-badge"[39m
                  [36m>[39m
                    [0mJavaScript[0m
                  [36m</span>[39m
                  [36m<span[39m
                    [33mclass[39m=[32m"t
ech-badge"[39m
                  [36m>[39m
                    [0mjQuery[0m
                  [36m</span>[39m
                  [36m<span[39m
                    [33mclass[39m=[32m"t
ech-badge"[39m
                  [36m>[39m
                    [0mBootstrap[0m
                  [36m</span>[39m
                  [36m<span[39m
                    [33mclass[39m=[32m"t
ech-badge"[39m
                  [36m>[39m
                    [0mThree.js[0m
                  [36m</span>[39m
                  [36m<span[39m
                    [33mclass[39m=[32m"t
ech-badge"[39m
                  [36m>[39m
                    [0mNode.js[0m
                  [36m</span>[39m
                [36m</div>[39m
              [36m</div>[39m
            [36m</section>[39m
            [36m<section[39m
              [33mclass[39m=[32m"project
s-section-main"[39m
              [33mid[39m=[32m"projects"
[39m
            [36m>[39m
              [36m<div[39m
                [33mclass[39m=[32m"secti
on-container"[39m
              [36m>[39m
                [36m<h2[39m
                  [33mclass[39m=[32m"sec
tion-title"[39m
                [36m>[39m
                  [0m?꾨줈?앺듃[0m
                [36m</h2>[39m
                [36m<div[39m
                  [33mclass[39m=[32m"pro
jects-grid"[39m
                [36m>[39m
                  [36m<div[39m
                    [33mclass[39m=[32m"p
roject-card"[39m
                  [36m>[39m
                    [36m<img[39m
                      [33malt[39m=[32m"?
곕━?숇꽕 GS ?몄쓽???붾（??(CVSproject) thumbnail"
[39m
                      [33mclass[39m=[32m
"project-thumbnail"[39m
                      [33msrc[39m=[32m"h
ttps://via.placeholder.com/400x250.png?text
=CVS+Project"[39m
                    [36m/>[39m
                    [36m<div[39m
                      [33mclass[39m=[32m
"project-content"[39m
                    [36m>[39m
                      [36m<h3[39m
                        [33mclass[39m=[3
2m"project-title"[39m
                      [36m>[39m
                        [0m?곕━?숇꽕 GS ?몄쓽??
?붾（??(CVSproject)[0m
                      [36m</h3>[39m
                      [36m<p[39m
                        [33mclass[39m=[3
2m"project-description"[39m
                      [36m>[39m
                        [0m?먯＜? 怨좉컼???꾪븳 
?몄쓽??愿由?諛?二쇰Ц/寃곗젣 ?쒖뒪?쒖엯?덈떎. Supabase瑜?諛깆뿏
?쒕줈 ?ъ슜?섏뿬 ?ъ슜?? ?ш퀬, 二쇰Ц, 寃곗젣 ??蹂듭옟???곗씠?곕
? 愿由ы븯????ㅽ깮 ?좏뵆由ъ??댁뀡?낅땲??[0m
                      [36m</p>[39m
                      [36m<div[39m
                        [33mclass[39m=[3
2m"project-tech-stack"[39m
                      [36m>[39m
                        [36m<span[39m
                          [33mclass[39m=
[32m"tech-badge"[39m
                        [36m>[39m
                          [0mReact[0m
                        [36m</span>[39m
                        [36m<span[39m
                          [33mclass[39m=
[32m"tech-badge"[39m
                        [36m>[39m
                          [0mTypeScript[0
m
                        [36m</span>[39m
                        [36m<span[39m
                          [33mclass[39m=
[32m"tech-badge"[39m
                        [36m>[39m
                          [0mSupabase[0m
                        [36m</span>[39m
                        [36m<span[39m
                          [33mclass[39m=
[32m"tech-badge"[39m
                        [36m>[39m
                          [0mPostgreSQL[0
m
                        [36m</span>[39m
                        [36m<span[39m
                          [33mclass[39m=
[32m"tech-badge"[39m
                        [36m>[39m
                          [0mTailwind CSS
[0m
                        [36m</span>[39m
                      [36m</div>[39m
                      [36m<div[39m
                        [33mclass[39m=[3
2m"project-learnings"[39m
                      [36m>[39m
                        [36m<h4>[39m
                          [0m諛곗슫 ??[0m
                        [36m</h4>[39m
                        [36m<p>[39m
                          [0m蹂듭옟???곗씠?곕쿋?댁
뒪 ?ㅽ궎留??ㅺ퀎? RLS(Row Level Security) ?뺤콉???
ㅼ젣濡??곸슜?섎ŉ 諛깆뿏??蹂댁븞??以묒슂?깆쓣 源딆씠 ?댄빐?덉뒿?덈떎. 
?먰븳, ?꾩뿭 ?곹깭 愿由щ? ?듯빐 ?щ윭 而댄룷?뚰듃媛 怨듭쑀?섎뒗 
?곗씠?곕? ?⑥쑉?곸쑝濡?愿由ы븯??諛⑸쾿???숈뒿?덉뒿?덈떎.[0m
                        [36m</p>[39m
                      [36m</div>[39m
                      [36m<div[39m
                        [33mclass[39m=[3
2m"project-links"[39m
                      [36m>[39m
                        [36m<a[39m
                          [33mclass[39m=
[32m"project-link"[39m
                          [33mhref[39m=[
32m"#"[39m
                          [33mrel[39m=[3
2m"noopener noreferrer"[39m
                          [33mtarget[39m=
[32m"_blank"[39m
                        [36m>[39m
                          [0mGitHub ??μ냼
[0m
                        [36m</a>[39m
                      [36m</div>[39m
                    [36m</div>[39m
                  [36m</div>[39m
                  [36m<div[39m
                    [33mclass[39m=[32m"p
roject-card"[39m
                  [36m>[39m
                    [36m<img[39m
                      [33malt[39m=[32m"紐
⑥엫 愿由???(Group) thumbnail"[39m
                      [33mclass[39m=[32m
"project-thumbnail"[39m
                      [33msrc[39m=[32m"h
ttps://via.placeholder.com/400x250.png?text
=Group+Project"[39m
                    [36m/>[39m
                    [36m<div[39m
                      [33mclass[39m=[32m
"project-content"[39m
                    [36m>[39m
                      [36m<h3[39m
                        [33mclass[39m=[3
2m"project-title"[39m
                      [36m>[39m
                        [0m紐⑥엫 愿由???(Grou
p)[0m
                      [36m</h3>[39m
                      [36m<p[39m
                        [33mclass[39m=[3
2m"project-description"[39m
                      [36m>[39m
                        [0m?ъ슜?먮뱾???ㅼ뼇??紐⑹
쟻??紐⑥엫??留뚮뱾怨?李몄뿬?????덈룄濡??뺣뒗 ???좏뵆由ъ??댁뀡?낅땲
?? ?쒖닔 HTML, CSS, JavaScript濡?援ы쁽?섏뿀?듬땲??[
0m
                      [36m</p>[39m
                      [36m<div[39m
                        [33mclass[39m=[3
2m"project-tech-stack"[39m
                      [36m>[39m
                        [36m<span[39m
                          [33mclass[39m=
[32m"tech-badge"[39m
                        [36m>[39m
                          [0mHTML[0m
                        [36m</span>[39m
                        [36m<span[39m
                          [33mclass[39m=
[32m"tech-badge"[39m
                        [36m>[39m
                          [0mCSS[0m
                        [36m</span>[39m
                        [36m<span[39m
                          [33mclass[39m=
[32m"tech-badge"[39m
                        [36m>[39m
                          [0mJavaScript[0
m
                        [36m</span>[39m
                      [36m</div>[39m
                      [36m<div[39m
                        [33mclass[39m=[3
2m"project-learnings"[39m
                      [36m>[39m
                        [36m<h4>[39m
                          [0m諛곗슫 ??[0m
                        [36m</h4>[39m
                        [36m<p>[39m
                          [0mJavaScript留뚯쑝
濡?DOM??吏곸젒 議곗옉?섍퀬 ?대깽?몃? 泥섎━?섎ŉ ?뱀쓽 湲곕낯?곸씤 
?숈옉 ?먮━瑜??꾪깂???ㅼ쭏 ???덉뿀?듬땲?? ?쇱씠釉뚮윭由щ굹 ?꾨젅?
꾩썙?ъ쓽 ?꾩? ?놁씠 ?쒖닔 肄붾뱶濡?湲곕뒫??援ы쁽?섎뒗 寃쏀뿕???듯빐
 肄붾뱶??湲곗큹 泥대젰??湲곕? ???덉뿀?듬땲??[0m
                        [36m</p>[39m
                      [36m</div>[39m
                      [36m<div[39m
                        [33mclass[39m=[3
2m"project-links"[39m
                      [36m>[39m
                        [36m<a[39m
                          [33mclass[39m=
[32m"project-link"[39m
                          [33mhref[39m=[
32m"#"[39m
                          [33mrel[39m=[3
2m"noopener noreferrer"[39m
                          [33mtarget[39m=
[32m"_blank"[39m
                        [36m>[39m
                          [0mGitHub ??μ냼
[0m
                        [36m</a>[39m
                      [36m</div>[39m
                    [36m</div>[39m
                  [36m</div>[39m
                  [36m<div[39m
                    [33mclass[39m=[32m"p
roject-card"[39m
                  [36m>[39m
                    [36m<img[39m
                      [33malt[39m=[32m"留
욎땄??蹂듭? ?뺣낫 ?쒓났 ?쒕퉬??(Welf) thumbnail"[39m
                      [33mclass[39m=[32m
"project-thumbnail"[39m
                      [33msrc[39m=[32m"h
ttps://via.placeholder.com/400x250.png?text
=Welf+Project"[39m
                    [36m/>[39m
                    [36m<div[39m
                      [33mclass[39m=[32m
"project-content"[39m
                    [36m>[39m
                      [36m<h3[39m
                        [33mclass[39m=[3
2m"project-title"[39m
                      [36m>[39m
                        [0m留욎땄??蹂듭? ?뺣낫 ?쒓
났 ?쒕퉬??(Welf)[0m
                      [36m</h3>[39m
                      [36m<p[39m
                        [33mclass[39m=[3
2m"project-description"[39m
                      [36m>[39m
                        [0m?뚮뱷遺꾩쐞 怨꾩궛, 蹂듭?
 ?뺣낫 寃??諛??곸꽭 蹂닿린 ??媛쒖씤?먭쾶 ?꾩슂??蹂듭? ?뺣낫瑜??
쒓났?섎뒗 ?뱀궗?댄듃?낅땲??[0m
                      [36m</p>[39m
                      [36m<div[39m
                        [33mclass[39m=[3
2m"project-tech-stack"[39m
                      [36m>[39m
                        [36m<span[39m
                          [33mclass[39m=
[32m"tech-badge"[39m
                        [36m>[39m
                          [0mHTML[0m
                        [36m</span>[39m
                        [36m<span[39m
                          [33mclass[39m=
[32m"tech-badge"[39m
                        [36m>[39m
                          [0mCSS[0m
                        [36m</span>[39m
                        [36m<span[39m
                          [33mclass[39m=
[32m"tech-badge"[39m
                        [36m>[39m
                          [0mJavaScript[0
m
                        [36m</span>[39m
                        [36m<span[39m
                          [33mclass[39m=
[32m"tech-badge"[39m
                        [36m>[39m
                          [0mjQuery[0m
                        [36m</span>[39m
                        [36m<span[39m
                          [33mclass[39m=
[32m"tech-badge"[39m
                        [36m>[39m
                          [0mBootstrap[0m
                        [36m</span>[39m
                      [36m</div>[39m
                      [36m<div[39m
                        [33mclass[39m=[3
2m"project-learnings"[39m
                      [36m>[39m
                        [36m<h4>[39m
                          [0m諛곗슫 ??[0m
                        [36m</h4>[39m
                        [36m<p>[39m
                          [0m怨듦났 ?곗씠??API瑜
??몄텧?섍퀬 鍮꾨룞湲곗쟻?쇰줈 諛쏆븘???곗씠?곕? ?ъ슜?먯뿉寃??좎쓽誘명
븳 ?뺣낫濡?媛怨듯븯??蹂댁뿬二쇰뒗 怨쇱젙??寃쏀뿕?덉뒿?덈떎. Bootst
rap???쒖슜?섏뿬 諛섏쓳?????붿옄?몄쓣 鍮좊Ⅴ寃?援ъ텞?섎뒗 諛⑸쾿??
?듯삍?듬땲??[0m
                        [36m</p>[39m
                      [36m</div>[39m
                      [36m<div[39m
                        [33mclass[39m=[3
2m"project-links"[39m
                      [36m>[39m
                        [36m<a[39m
                          [33mclass[39m=
[32m"project-link"[39m
                          [33mhref[39m=[
32m"#"[39m
                          [33mrel[39m=[3
2m"noopener noreferrer"[39m
                          [33mtarget[39m=
[32m"_blank"[39m
                        [36m>[39m
                          [0mGitHub ??μ냼
[0m
                        [36m</a>[39m
                      [36m</div>[39m
                    [36m</div>[39m
                  [36m</div>[39m
                  [36m<div[39m
                    [33mclass[39m=[32m"p
roject-card"[39m
                  [36m>[39m
                    [36m<img[39m
                      [33malt[39m=[32m"3
D ??寃뚯엫 ?꾨줈?앺듃 (KDTgames) thumbnail"[39m
                      [33mclass[39m=[32m
"project-thumbnail"[39m
                      [33msrc[39m=[32m"h
ttps://via.placeholder.com/400x250.png?text
=KDT+Games"[39m
                    [36m/>[39m
                    [36m<div[39m
                      [33mclass[39m=[32m
"project-content"[39m
                    [36m>[39m
                      [36m<h3[39m
                        [33mclass[39m=[3
2m"project-title"[39m
                      [36m>[39m
                        [0m3D ??寃뚯엫 ?꾨줈?앺듃
 (KDTgames)[0m
                      [36m</h3>[39m
                      [36m<p[39m
                        [33mclass[39m=[3
2m"project-description"[39m
                      [36m>[39m
                        [0mThree.js ?쇱씠釉뚮윭
由щ? ?쒖슜?섏뿬 ?쒖옉??3D ??寃뚯엫?낅땲?? Node.js 湲곕컲??
媛꾨떒???쒕쾭瑜??ы븿?섍퀬 ?덉뒿?덈떎.[0m
                      [36m</p>[39m
                      [36m<div[39m
                        [33mclass[39m=[3
2m"project-tech-stack"[39m
                      [36m>[39m
                        [36m<span[39m
                          [33mclass[39m=
[32m"tech-badge"[39m
                        [36m>[39m
                          [0mThree.js[0m
                        [36m</span>[39m
                        [36m<span[39m
                          [33mclass[39m=
[32m"tech-badge"[39m
                        [36m>[39m
                          [0mJavaScript[0
m
                        [36m</span>[39m
                        [36m<span[39m
                          [33mclass[39m=
[32m"tech-badge"[39m
                        [36m>[39m
                          [0mHTML[0m
                        [36m</span>[39m
                        [36m<span[39m
                          [33mclass[39m=
[32m"tech-badge"[39m
                        [36m>[39m
                          [0mNode.js[0m
                        [36m</span>[39m
                      [36m</div>[39m
                      [36m<div[39m
                        [33mclass[39m=[3
2m"project-learnings"[39m
                      [36m>[39m
                        [36m<h4>[39m
                          [0m諛곗슫 ??[0m
                        [36m</h4>[39m
                        [36m<p>[39m
                          [0m3D ?뚮뜑留? 移대찓?
? 議곕챸 ??Three.js???듭떖 媛쒕뀗???듯엳怨? 3D 怨듦컙?먯꽌?
??ъ슜???곹샇?묒슜??援ы쁽?섎뒗 諛⑸쾿???숈뒿?덉뒿?덈떎. WebGL 
湲곕컲??3D 洹몃옒?쎌뒪瑜????섍꼍?먯꽌 ?대뼸寃??쒗쁽?섍퀬 理쒖쟻?뷀븯
?붿???????댄빐瑜??믪씪 ???덉뿀?듬땲??[0m
                        [36m</p>[39m
                      [36m</div>[39m
                      [36m<div[39m
                        [33mclass[39m=[3
2m"project-links"[39m
                      [36m>[39m
                        [36m<a[39m
                          [33mclass[39m=
[32m"project-link"[39m
                          [33mhref[39m=[
32m"https://github.com/205PreDev/KDTgames"
[39m
                          [33mrel[39m=[3
2m"noopener noreferrer"[39m
                          [33mtarget[39m=
[32m"_blank"[39m
                        [36m>[39m
                          [0mGitHub ??μ냼
[0m
                        [36m</a>[39m
                      [36m</div>[39m
                    [36m</div>[39m
                  [36m</div>[39m
                [36m</div>[39m
              [36m</div>[39m
            [36m</section>[39m
            [36m<section[39m
              [33mclass[39m=[32m"contact
-section"[39m
              [33mid[39m=[32m"contact"[
39m
            [36m>[39m
              [36m<div[39m
                [33mclass[39m=[32m"secti
on-container"[39m
              [36m>[39m
                [36m<h2[39m
                  [33mclass[39m=[32m"sec
tion-title"[39m
                [36m>[39m
                  [0m?곕씫泥?[0m
                [36m</h2>[39m
                [36m<div[39m
                  [33mclass[39m=[32m"con
tact-content"[39m
                [36m>[39m
                  [36m<p>[39m
                    [0m?꾨옒 梨꾨꼸???듯빐 ?명븯寃??
곕씫二쇱꽭??[0m
                  [36m</p>[39m
                  [36m<div[39m
                    [33mclass[39m=[32m"c
ontact-links"[39m
                  [36m>[39m
                    [36m<a[39m
                      [33mclass[39m=[32m
"contact-link-btn"[39m
                      [33mhref[39m=[32m"
mailto:your-email@example.com"[39m
                    [36m>[39m
                      [0m?대찓??[0m
                    [36m</a>[39m
                    [36m<a[39m
                      [33mclass[39m=[32m
"contact-link-btn"[39m
                      [33mhref[39m=[32m"
https://github.com/205PreDev"[39m
                      [33mrel[39m=[32m"n
oopener noreferrer"[39m
                      [33mtarget[39m=[32
m"_blank"[39m
                    [36m>[39m
                      [0mGitHub[0m
                    [36m</a>[39m
                  [36m</div>[39m
                [36m</div>[39m
              [36m</div>[39m
            [36m</section>[39m
          [36m</main>[39m
          [36m<footer[39m
            [33mclass[39m=[32m"app-foote
r"[39m
          [36m>[39m
            [36m<p>[39m
              [0m짤 2024. All rights reserv
ed.[0m
            [36m</p>[39m
          [36m</footer>[39m
          [36m<div[39m
            [33mclass[39m=[32m"chatbot-w
rapper "[39m
          [36m>[39m
            [36m<button[39m
              [33mclass[39m=[32m"chatbot
-toggle-btn"[39m
            [36m>[39m
              [36m<span[39m
                [33mclass[39m=[32m"btn-i
con"[39m
              [36m>[39m
                [0m?뮠[0m
              [36m</span>[39m
              [36m<span[39m
                [33mclass[39m=[32m"btn-t
ext"[39m
              [36m>[39m
                [0m臾댁뾿?대뱺 臾쇱뼱蹂댁꽭??[0m
              [36m</span>[39m
            [36m</button>[39m
          [36m</div>[39m
        [36m</div>[39m
      [36m</div>[39m
    [36m</body>[39m

    [0m [90m  5 |[39m test([32m'renders
 welcome message'[39m[33m,[39m () [33m=
>[39m {
     [90m  6 |[39m   render([33m<[39m[
33mApp[39m [33m/[39m[33m>[39m)[33m;[
39m
    [31m[1m>[22m[39m[90m  7 |[39m   
[36mconst[39m welcomeElement [33m=[39m s
creen[33m.[39mgetByText([35m/?덈뀞?섏꽭??/i
[39m)[33m;[39m
     [90m    |[39m                       
          [31m[1m^[22m[39m
     [90m  8 |[39m   expect(welcomeElemen
t)[33m.[39mtoBeInTheDocument()[33m;[39m
     [90m  9 |[39m })[33m;[39m
     [90m 10 |[39m[0m

      at Object.getElementError (node_modul
es/@testing-library/dom/dist/config.js:37:1
9)
      at getElementError (node_modules/@tes
ting-library/dom/dist/query-helpers.js:20:3
5)
      at getMultipleElementsFoundError (nod
e_modules/@testing-library/dom/dist/query-h
elpers.js:23:10)
      at node_modules/@testing-library/dom/
dist/query-helpers.js:55:13
      at getByText (node_modules/@testing-l
ibrary/dom/dist/query-helpers.js:95:19)
      at Object.<anonymous> (src/App.test.t
sx:7:33)
      at TestScheduler.scheduleTests (node_
modules/@jest/core/build/TestScheduler.js:3
33:13)
      at runJest (node_modules/@jest/core/b
uild/runJest.js:404:19)
      at _run10000 (node_modules/@jest/core
/build/cli/index.js:320:7)
      at runCLI (node_modules/@jest/core/bu
ild/cli/index.js:173:3)

Test Suites: 1 failed, 1 total
Tests:       1 failed, 1 total
Snapshots:   0 total
Time:        1.516 s, estimated 2 s
Ran all test suites.
